\BOOKMARK [1][-]{section.1}{\376\377\000I\000n\000t\000r\000o\000d\000u\000c\000t\000i\000o\000n}{}% 1
\BOOKMARK [1][-]{section.2}{\376\377\000E\000x\000p\000e\000r\000i\000m\000e\000n\000t\000a\000l\000\040\000D\000e\000s\000i\000g\000n}{}% 2
\BOOKMARK [2][-]{subsection.2.1}{\376\377\000O\000n\000l\000i\000n\000e\000\040\000I\000n\000t\000e\000r\000f\000a\000c\000e}{section.2}% 3
\BOOKMARK [3][-]{subsubsection.2.1.1}{\376\377\000I\000n\000t\000e\000r\000n\000a\000l\000\040\000V\000a\000l\000i\000d\000i\000t\000y}{subsection.2.1}% 4
\BOOKMARK [2][-]{subsection.2.2}{\376\377\000T\000a\000s\000k\000s}{section.2}% 5
\BOOKMARK [3][-]{subsubsection.2.2.1}{\376\377\000T\000y\000p\000i\000n\000g\000\040\000T\000a\000s\000k}{subsection.2.2}% 6
\BOOKMARK [3][-]{subsubsection.2.2.2}{\376\377\000W\000a\000t\000c\000h\000i\000n\000g\000\040\000T\000a\000s\000k}{subsection.2.2}% 7
\BOOKMARK [2][-]{subsection.2.3}{\376\377\000E\000x\000p\000e\000r\000i\000m\000e\000n\000t\000a\000l\000\040\000P\000r\000o\000c\000e\000d\000u\000r\000e}{section.2}% 8
\BOOKMARK [3][-]{subsubsection.2.3.1}{\376\377\000P\000r\000a\000c\000t\000i\000c\000e\000\040\000S\000e\000s\000s\000i\000o\000n}{subsection.2.3}% 9
\BOOKMARK [3][-]{subsubsection.2.3.2}{\376\377\000M\000u\000l\000t\000i\000p\000l\000e\000\040\000P\000r\000i\000c\000e\000\040\000L\000i\000s\000t}{subsection.2.3}% 10
\BOOKMARK [3][-]{subsubsection.2.3.3}{\376\377\000T\000i\000m\000e\000\040\000C\000h\000o\000i\000c\000e}{subsection.2.3}% 11
\BOOKMARK [2][-]{subsection.2.4}{\376\377\000B\000e\000h\000a\000v\000i\000o\000r\000a\000l\000\040\000H\000y\000p\000o\000t\000h\000e\000s\000e\000s}{section.2}% 12
\BOOKMARK [1][-]{section.3}{\376\377\000R\000e\000s\000u\000l\000t\000s}{}% 13
\BOOKMARK [2][-]{subsection.3.1}{\376\377\000T\000e\000s\000t\000i\000n\000g\000\040\000B\000e\000h\000a\000v\000i\000o\000r\000a\000l\000\040\000H\000y\000p\000o\000t\000h\000e\000s\000e\000s}{section.3}% 14
\BOOKMARK [3][-]{subsubsection.3.1.1}{\376\377\000E\000f\000f\000e\000c\000t\000s\000\040\000o\000f\000\040\000A\000u\000t\000o\000p\000l\000a\000y\000\040\000o\000n\000\040\000w\000a\000t\000c\000h\000i\000n\000g\000\040\000v\000i\000d\000e\000o\000s\000\040\000\050\000H\0001\000\051}{subsection.3.1}% 15
\BOOKMARK [3][-]{subsubsection.3.1.2}{\376\377\000E\000f\000f\000e\000c\000t\000s\000\040\000o\000f\000\040\000A\000u\000t\000o\000p\000l\000a\000y\000\040\000o\000n\000\040\000T\000i\000m\000e\000\040\000C\000h\000o\000i\000c\000e\000\040\000\050\000H\0002\000\051}{subsection.3.1}% 16
\BOOKMARK [3][-]{subsubsection.3.1.3}{\376\377\000E\000f\000f\000e\000c\000t\000s\000\040\000o\000f\000\040\000A\000u\000t\000o\000p\000l\000a\000y\000\040\000o\000n\000\040\000d\000e\000v\000i\000a\000t\000i\000o\000n\000s\000\040\000f\000r\000o\000m\000\040\000T\000i\000m\000e\000\040\000C\000h\000o\000i\000c\000e\000\040\000\050\000H\0003\000\051}{subsection.3.1}% 17
\BOOKMARK [3][-]{subsubsection.3.1.4}{\376\377\000D\000e\000m\000a\000n\000d\000\040\000f\000o\000r\000\040\000t\000h\000e\000\040\000c\000o\000m\000m\000i\000t\000m\000e\000n\000t\000\040\000d\000e\000v\000i\000c\000e\000\040\000\050\000H\0004\000\051}{subsection.3.1}% 18
\BOOKMARK [1][-]{section.4}{\376\377\000D\000i\000s\000c\000u\000s\000s\000i\000o\000n}{}% 19
\BOOKMARK [1][-]{section.5}{\376\377\000L\000i\000m\000i\000t\000a\000t\000i\000o\000n\000s\000\040\000a\000n\000d\000\040\000C\000o\000n\000c\000l\000u\000s\000i\000o\000n}{}% 20
